     1                                  ; hello.asm
     2                                  SECTION .data ; Начало секции данных
     3 00000000 D0A2D0BED0BBD181D1-     hello: DB 'Толстых Максим - Гений, (пока не) Миллиардер, Плейбой, (иногда) Филантроп',10 ;  плюс
     3 00000009 82D18BD18520D09CD0-
     3 00000012 B0D0BAD181D0B8D0BC-
     3 0000001B 202D20D093D0B5D0BD-
     3 00000024 D0B8D0B92C2028D0BF-
     3 0000002D D0BED0BAD0B020D0BD-
     3 00000036 D0B52920D09CD0B8D0-
     3 0000003F BBD0BBD0B8D0B0D180-
     3 00000048 D0B4D0B5D1802C20D0-
     3 00000051 9FD0BBD0B5D0B9D0B1-
     3 0000005A D0BED0B92C2028D0B8-
     3 00000063 D0BDD0BED0B3D0B4D0-
     3 0000006C B02920D0A4D0B8D0BB-
     3 00000075 D0B0D0BDD182D180D0-
     3 0000007E BED0BF0A           
     4                                  ; символ перевода строки
     5                                  helloLen: EQU $-hello ; Длина строки hello
     6                                  SECTION .text ; Начало секции кода
     7                                  GLOBAL _start
     8                                  _start: ; Точка входа в программу
     9 00000000 B804000000              mov eax,4 ; Системный вызов для записи (sys_write)
    10 00000005 BB01000000              mov ebx,1 ; Описатель файла '1' - стандартный вывод
    11 0000000A B9[00000000]            mov ecx,hello ; Адрес строки hello в ecx
    12 0000000F BA82000000              mov edx,helloLen ; Размер строки hello
    13 00000014 CD80                    int 80h ; Вызов ядра
    14 00000016 B801000000              mov eax,1 ; Системный вызов для выхода (sys_exit)
    15 0000001B BB00000000              mov ebx,0 ; Выход с кодом возврата '0' (без ошибок)
    16 00000020 CD80                    int 80h ; Вызов ядра
    17                                  
